Archive member included because of file (symbol)

c:/winavr-20090313/bin/../lib/gcc/avr/4.3.2/avr5\libgcc.a(_exit.o)
                              c:/winavr-20090313/bin/../lib/gcc/avr/4.3.2/../../../../avr/lib/avr5/crtm32u4.o (exit)
c:/winavr-20090313/bin/../lib/gcc/avr/4.3.2/avr5\libgcc.a(_copy_data.o)
                              BootloaderCDC.o (__do_copy_data)
c:/winavr-20090313/bin/../lib/gcc/avr/4.3.2/avr5\libgcc.a(_clear_bss.o)
                              BootloaderCDC.o (__do_clear_bss)

Allocating common symbols
Common symbol       size              file

USB_IsInitialized   0x1               ../../LUFA/Drivers/USB/HighLevel/USBTask.o
CurrAddress         0x4               BootloaderCDC.o
USB_ControlRequest  0x8               ../../LUFA/Drivers/USB/HighLevel/USBTask.o
USB_ConfigurationNumber
                    0x1               ../../LUFA/Drivers/USB/LowLevel/DevChapter9.o

Discarded input sections

 .data          0x00000000        0x0 c:/winavr-20090313/bin/../lib/gcc/avr/4.3.2/../../../../avr/lib/avr5/crtm32u4.o
 .bss           0x00000000        0x0 c:/winavr-20090313/bin/../lib/gcc/avr/4.3.2/../../../../avr/lib/avr5/crtm32u4.o
 .text          0x00000000        0x0 BootloaderCDC.o
 .bss           0x00000000        0x0 BootloaderCDC.o
 .text          0x00000000        0x0 Descriptors.o
 .bss           0x00000000        0x0 Descriptors.o
 .text          0x00000000        0x0 ../../LUFA/Drivers/USB/LowLevel/DevChapter9.o
 .data          0x00000000        0x0 ../../LUFA/Drivers/USB/LowLevel/DevChapter9.o
 .bss           0x00000000        0x0 ../../LUFA/Drivers/USB/LowLevel/DevChapter9.o
 .text          0x00000000        0x0 ../../LUFA/Drivers/USB/LowLevel/Endpoint.o
 .data          0x00000000        0x0 ../../LUFA/Drivers/USB/LowLevel/Endpoint.o
 .bss           0x00000000        0x0 ../../LUFA/Drivers/USB/LowLevel/Endpoint.o
 .text.Endpoint_BytesToEPSizeMaskDynamic
                0x00000000        0x0 ../../LUFA/Drivers/USB/LowLevel/Endpoint.o
 .text.Endpoint_WaitUntilReady
                0x00000000        0x0 ../../LUFA/Drivers/USB/LowLevel/Endpoint.o
 .text.Endpoint_Discard_Stream
                0x00000000        0x0 ../../LUFA/Drivers/USB/LowLevel/Endpoint.o
 .text.Endpoint_Write_Stream_LE
                0x00000000        0x0 ../../LUFA/Drivers/USB/LowLevel/Endpoint.o
 .text.Endpoint_Write_PStream_LE
                0x00000000        0x0 ../../LUFA/Drivers/USB/LowLevel/Endpoint.o
 .text.Endpoint_Write_EStream_LE
                0x00000000        0x0 ../../LUFA/Drivers/USB/LowLevel/Endpoint.o
 .text.Endpoint_Write_Stream_BE
                0x00000000        0x0 ../../LUFA/Drivers/USB/LowLevel/Endpoint.o
 .text.Endpoint_Write_EStream_BE
                0x00000000        0x0 ../../LUFA/Drivers/USB/LowLevel/Endpoint.o
 .text.Endpoint_Write_PStream_BE
                0x00000000        0x0 ../../LUFA/Drivers/USB/LowLevel/Endpoint.o
 .text.Endpoint_Read_Stream_LE
                0x00000000        0x0 ../../LUFA/Drivers/USB/LowLevel/Endpoint.o
 .text.Endpoint_Read_EStream_LE
                0x00000000        0x0 ../../LUFA/Drivers/USB/LowLevel/Endpoint.o
 .text.Endpoint_Read_Stream_BE
                0x00000000        0x0 ../../LUFA/Drivers/USB/LowLevel/Endpoint.o
 .text.Endpoint_Read_EStream_BE
                0x00000000        0x0 ../../LUFA/Drivers/USB/LowLevel/Endpoint.o
 .text.Endpoint_Write_Control_PStream_LE
                0x00000000        0x0 ../../LUFA/Drivers/USB/LowLevel/Endpoint.o
 .text.Endpoint_Write_Control_EStream_LE
                0x00000000        0x0 ../../LUFA/Drivers/USB/LowLevel/Endpoint.o
 .text.Endpoint_Write_Control_Stream_BE
                0x00000000        0x0 ../../LUFA/Drivers/USB/LowLevel/Endpoint.o
 .text.Endpoint_Write_Control_PStream_BE
                0x00000000        0x0 ../../LUFA/Drivers/USB/LowLevel/Endpoint.o
 .text.Endpoint_Write_Control_EStream_BE
                0x00000000        0x0 ../../LUFA/Drivers/USB/LowLevel/Endpoint.o
 .text.Endpoint_Read_Control_Stream_LE
                0x00000000        0x0 ../../LUFA/Drivers/USB/LowLevel/Endpoint.o
 .text.Endpoint_Read_Control_EStream_LE
                0x00000000        0x0 ../../LUFA/Drivers/USB/LowLevel/Endpoint.o
 .text.Endpoint_Read_Control_Stream_BE
                0x00000000        0x0 ../../LUFA/Drivers/USB/LowLevel/Endpoint.o
 .text.Endpoint_Read_Control_EStream_BE
                0x00000000        0x0 ../../LUFA/Drivers/USB/LowLevel/Endpoint.o
 .text          0x00000000        0x0 ../../LUFA/Drivers/USB/LowLevel/Host.o
 .data          0x00000000        0x0 ../../LUFA/Drivers/USB/LowLevel/Host.o
 .bss           0x00000000        0x0 ../../LUFA/Drivers/USB/LowLevel/Host.o
 .text          0x00000000        0x0 ../../LUFA/Drivers/USB/LowLevel/HostChapter9.o
 .data          0x00000000        0x0 ../../LUFA/Drivers/USB/LowLevel/HostChapter9.o
 .bss           0x00000000        0x0 ../../LUFA/Drivers/USB/LowLevel/HostChapter9.o
 .text          0x00000000        0x0 ../../LUFA/Drivers/USB/LowLevel/LowLevel.o
 .data          0x00000000        0x0 ../../LUFA/Drivers/USB/LowLevel/LowLevel.o
 .bss           0x00000000        0x0 ../../LUFA/Drivers/USB/LowLevel/LowLevel.o
 .text          0x00000000        0x0 ../../LUFA/Drivers/USB/LowLevel/Pipe.o
 .data          0x00000000        0x0 ../../LUFA/Drivers/USB/LowLevel/Pipe.o
 .bss           0x00000000        0x0 ../../LUFA/Drivers/USB/LowLevel/Pipe.o
 .text          0x00000000        0x0 ../../LUFA/Drivers/USB/HighLevel/Events.o
 .data          0x00000000        0x0 ../../LUFA/Drivers/USB/HighLevel/Events.o
 .bss           0x00000000        0x0 ../../LUFA/Drivers/USB/HighLevel/Events.o
 .text          0x00000000        0x0 ../../LUFA/Drivers/USB/HighLevel/USBInterrupt.o
 .data          0x00000000        0x0 ../../LUFA/Drivers/USB/HighLevel/USBInterrupt.o
 .bss           0x00000000        0x0 ../../LUFA/Drivers/USB/HighLevel/USBInterrupt.o
 .text          0x00000000        0x0 ../../LUFA/Drivers/USB/HighLevel/USBTask.o
 .data          0x00000000        0x0 ../../LUFA/Drivers/USB/HighLevel/USBTask.o
 .bss           0x00000000        0x0 ../../LUFA/Drivers/USB/HighLevel/USBTask.o
 .text          0x00000000        0x0 ../../LUFA/Drivers/USB/HighLevel/ConfigDescriptor.o
 .data          0x00000000        0x0 ../../LUFA/Drivers/USB/HighLevel/ConfigDescriptor.o
 .bss           0x00000000        0x0 ../../LUFA/Drivers/USB/HighLevel/ConfigDescriptor.o
 .text.USB_GetNextDescriptorOfType
                0x00000000        0x0 ../../LUFA/Drivers/USB/HighLevel/ConfigDescriptor.o
 .text.USB_GetNextDescriptorOfTypeBefore
                0x00000000        0x0 ../../LUFA/Drivers/USB/HighLevel/ConfigDescriptor.o
 .text.USB_GetNextDescriptorOfTypeAfter
                0x00000000        0x0 ../../LUFA/Drivers/USB/HighLevel/ConfigDescriptor.o
 .text.USB_GetNextDescriptorComp
                0x00000000        0x0 ../../LUFA/Drivers/USB/HighLevel/ConfigDescriptor.o
 .text          0x00000000        0x0 c:/winavr-20090313/bin/../lib/gcc/avr/4.3.2/avr5\libgcc.a(_exit.o)
 .data          0x00000000        0x0 c:/winavr-20090313/bin/../lib/gcc/avr/4.3.2/avr5\libgcc.a(_exit.o)
 .bss           0x00000000        0x0 c:/winavr-20090313/bin/../lib/gcc/avr/4.3.2/avr5\libgcc.a(_exit.o)
 .text.libgcc   0x00000000        0x0 c:/winavr-20090313/bin/../lib/gcc/avr/4.3.2/avr5\libgcc.a(_exit.o)
 .text          0x00000000        0x0 c:/winavr-20090313/bin/../lib/gcc/avr/4.3.2/avr5\libgcc.a(_copy_data.o)
 .data          0x00000000        0x0 c:/winavr-20090313/bin/../lib/gcc/avr/4.3.2/avr5\libgcc.a(_copy_data.o)
 .bss           0x00000000        0x0 c:/winavr-20090313/bin/../lib/gcc/avr/4.3.2/avr5\libgcc.a(_copy_data.o)
 .text.libgcc   0x00000000        0x0 c:/winavr-20090313/bin/../lib/gcc/avr/4.3.2/avr5\libgcc.a(_copy_data.o)
 .text          0x00000000        0x0 c:/winavr-20090313/bin/../lib/gcc/avr/4.3.2/avr5\libgcc.a(_clear_bss.o)
 .data          0x00000000        0x0 c:/winavr-20090313/bin/../lib/gcc/avr/4.3.2/avr5\libgcc.a(_clear_bss.o)
 .bss           0x00000000        0x0 c:/winavr-20090313/bin/../lib/gcc/avr/4.3.2/avr5\libgcc.a(_clear_bss.o)
 .text.libgcc   0x00000000        0x0 c:/winavr-20090313/bin/../lib/gcc/avr/4.3.2/avr5\libgcc.a(_clear_bss.o)

Memory Configuration

Name             Origin             Length             Attributes
text             0x00000000         0x00020000         xr
data             0x00800060         0x0000ffa0         rw !x
eeprom           0x00810000         0x00010000         rw !x
fuse             0x00820000         0x00000400         rw !x
lock             0x00830000         0x00000400         rw !x
signature        0x00840000         0x00000400         rw !x
*default*        0x00000000         0xffffffff

Linker script and memory map

Address of section .data set to 0x800100
LOAD c:/winavr-20090313/bin/../lib/gcc/avr/4.3.2/../../../../avr/lib/avr5/crtm32u4.o
LOAD BootloaderCDC.o
LOAD Descriptors.o
LOAD ../../LUFA/Drivers/USB/LowLevel/DevChapter9.o
LOAD ../../LUFA/Drivers/USB/LowLevel/Endpoint.o
LOAD ../../LUFA/Drivers/USB/LowLevel/Host.o
LOAD ../../LUFA/Drivers/USB/LowLevel/HostChapter9.o
LOAD ../../LUFA/Drivers/USB/LowLevel/LowLevel.o
LOAD ../../LUFA/Drivers/USB/LowLevel/Pipe.o
LOAD ../../LUFA/Drivers/USB/HighLevel/Events.o
LOAD ../../LUFA/Drivers/USB/HighLevel/USBInterrupt.o
LOAD ../../LUFA/Drivers/USB/HighLevel/USBTask.o
LOAD ../../LUFA/Drivers/USB/HighLevel/ConfigDescriptor.o
Address of section .text set to 0x7000
LOAD c:/winavr-20090313/bin/../lib/gcc/avr/4.3.2/../../../../avr/lib/avr5\libm.a
LOAD c:/winavr-20090313/bin/../lib/gcc/avr/4.3.2/avr5\libgcc.a
LOAD c:/winavr-20090313/bin/../lib/gcc/avr/4.3.2/../../../../avr/lib/avr5\libc.a
LOAD c:/winavr-20090313/bin/../lib/gcc/avr/4.3.2/avr5\libgcc.a

.hash
 *(.hash)

.dynsym
 *(.dynsym)

.dynstr
 *(.dynstr)

.gnu.version
 *(.gnu.version)

.gnu.version_d
 *(.gnu.version_d)

.gnu.version_r
 *(.gnu.version_r)

.rel.init
 *(.rel.init)

.rela.init
 *(.rela.init)

.rel.text
 *(.rel.text)
 *(.rel.text.*)
 *(.rel.gnu.linkonce.t*)

.rela.text
 *(.rela.text)
 *(.rela.text.*)
 *(.rela.gnu.linkonce.t*)

.rel.fini
 *(.rel.fini)

.rela.fini
 *(.rela.fini)

.rel.rodata
 *(.rel.rodata)
 *(.rel.rodata.*)
 *(.rel.gnu.linkonce.r*)

.rela.rodata
 *(.rela.rodata)
 *(.rela.rodata.*)
 *(.rela.gnu.linkonce.r*)

.rel.data
 *(.rel.data)
 *(.rel.data.*)
 *(.rel.gnu.linkonce.d*)

.rela.data
 *(.rela.data)
 *(.rela.data.*)
 *(.rela.gnu.linkonce.d*)

.rel.ctors
 *(.rel.ctors)

.rela.ctors
 *(.rela.ctors)

.rel.dtors
 *(.rel.dtors)

.rela.dtors
 *(.rela.dtors)

.rel.got
 *(.rel.got)

.rela.got
 *(.rela.got)

.rel.bss
 *(.rel.bss)

.rela.bss
 *(.rela.bss)

.rel.plt
 *(.rel.plt)

.rela.plt
 *(.rela.plt)

.text           0x00007000      0xe4a
 *(.vectors)
 .vectors       0x00007000       0xac c:/winavr-20090313/bin/../lib/gcc/avr/4.3.2/../../../../avr/lib/avr5/crtm32u4.o
                0x00007000                __vectors
                0x00007000                __vector_default
 *(.vectors)
 *(.progmem.gcc*)
 *(.progmem*)
                0x000070ac                . = ALIGN (0x2)
                0x000070ac                __trampolines_start = .
 *(.trampolines)
 .trampolines   0x000070ac        0x0 linker stubs
 *(.trampolines*)
                0x000070ac                __trampolines_end = .
 *(.jumptables)
 *(.jumptables*)
 *(.lowtext)
 *(.lowtext*)
                0x000070ac                __ctors_start = .
 *(.ctors)
                0x000070ac                __ctors_end = .
                0x000070ac                __dtors_start = .
 *(.dtors)
                0x000070ac                __dtors_end = .
 SORT(*)(.ctors)
 SORT(*)(.dtors)
 *(.init0)
 .init0         0x000070ac        0x0 c:/winavr-20090313/bin/../lib/gcc/avr/4.3.2/../../../../avr/lib/avr5/crtm32u4.o
                0x000070ac                __init
 *(.init0)
 *(.init1)
 *(.init1)
 *(.init2)
 .init2         0x000070ac        0xc c:/winavr-20090313/bin/../lib/gcc/avr/4.3.2/../../../../avr/lib/avr5/crtm32u4.o
 *(.init2)
 *(.init3)
 *(.init3)
 *(.init4)
 .init4         0x000070b8       0x16 c:/winavr-20090313/bin/../lib/gcc/avr/4.3.2/avr5\libgcc.a(_copy_data.o)
                0x000070b8                __do_copy_data
 .init4         0x000070ce       0x10 c:/winavr-20090313/bin/../lib/gcc/avr/4.3.2/avr5\libgcc.a(_clear_bss.o)
                0x000070ce                __do_clear_bss
 *(.init4)
 *(.init5)
 *(.init5)
 *(.init6)
 *(.init6)
 *(.init7)
 *(.init7)
 *(.init8)
 *(.init8)
 *(.init9)
 .init9         0x000070de        0x4 c:/winavr-20090313/bin/../lib/gcc/avr/4.3.2/../../../../avr/lib/avr5/crtm32u4.o
 *(.init9)
 *(.text)
 .text          0x000070e2        0x2 c:/winavr-20090313/bin/../lib/gcc/avr/4.3.2/../../../../avr/lib/avr5/crtm32u4.o
                0x000070e2                __vector_38
                0x000070e2                __vector_22
                0x000070e2                __vector_28
                0x000070e2                __vector_1
                0x000070e2                __vector_32
                0x000070e2                __vector_34
                0x000070e2                __vector_24
                0x000070e2                __vector_12
                0x000070e2                __bad_interrupt
                0x000070e2                __vector_6
                0x000070e2                __vector_31
                0x000070e2                __vector_35
                0x000070e2                __vector_39
                0x000070e2                __vector_3
                0x000070e2                __vector_23
                0x000070e2                __vector_30
                0x000070e2                __vector_25
                0x000070e2                __vector_11
                0x000070e2                __vector_13
                0x000070e2                __vector_17
                0x000070e2                __vector_19
                0x000070e2                __vector_7
                0x000070e2                __vector_41
                0x000070e2                __vector_27
                0x000070e2                __vector_5
                0x000070e2                __vector_33
                0x000070e2                __vector_37
                0x000070e2                __vector_4
                0x000070e2                __vector_9
                0x000070e2                __vector_2
                0x000070e2                __vector_21
                0x000070e2                __vector_15
                0x000070e2                __vector_36
                0x000070e2                __vector_29
                0x000070e2                __vector_40
                0x000070e2                __vector_8
                0x000070e2                __vector_26
                0x000070e2                __vector_14
                0x000070e2                __vector_16
                0x000070e2                __vector_18
                0x000070e2                __vector_20
                0x000070e2                __vector_42
                0x000070e4                . = ALIGN (0x2)
 *(.text.*)
 .text.Bootloader_StartUserApp
                0x000070e4        0xe BootloaderCDC.o
                0x000070e4                Bootloader_StartUserApp
 .text.FetchNextCommandByte
                0x000070f2       0x38 BootloaderCDC.o
 .text.WriteNextResponseByte
                0x0000712a       0x38 BootloaderCDC.o
 .text.CDC_Task
                0x00007162      0x522 BootloaderCDC.o
                0x00007162                CDC_Task
 .text.EVENT_USB_Device_UnhandledControlRequest
                0x00007684       0xa4 BootloaderCDC.o
                0x00007684                EVENT_USB_Device_UnhandledControlRequest
 .text.EVENT_USB_Device_ConfigurationChanged
                0x00007728       0x18 BootloaderCDC.o
                0x00007728                EVENT_USB_Device_ConfigurationChanged
 .text.ResetHardware
                0x00007740       0x12 BootloaderCDC.o
                0x00007740                ResetHardware
 .text.SetupHardware
                0x00007752       0x34 BootloaderCDC.o
                0x00007752                SetupHardware
 .text.main     0x00007786       0x7e BootloaderCDC.o
                0x00007786                main
 .text.CALLBACK_USB_GetDescriptor
                0x00007804       0x52 Descriptors.o
                0x00007804                CALLBACK_USB_GetDescriptor
 .text.USB_Device_ProcessControlRequest
                0x00007856      0x20c ../../LUFA/Drivers/USB/LowLevel/DevChapter9.o
                0x00007856                USB_Device_ProcessControlRequest
 .text.Endpoint_ConfigureEndpoint_Prv
                0x00007a62       0x26 ../../LUFA/Drivers/USB/LowLevel/Endpoint.o
                0x00007a62                Endpoint_ConfigureEndpoint_Prv
 .text.Endpoint_ClearEndpoints
                0x00007a88       0x2e ../../LUFA/Drivers/USB/LowLevel/Endpoint.o
                0x00007a88                Endpoint_ClearEndpoints
 .text.Endpoint_ClearStatusStage
                0x00007ab6       0x4e ../../LUFA/Drivers/USB/LowLevel/Endpoint.o
                0x00007ab6                Endpoint_ClearStatusStage
 .text.Endpoint_Write_Control_Stream_LE
                0x00007b04       0xc8 ../../LUFA/Drivers/USB/LowLevel/Endpoint.o
                0x00007b04                Endpoint_Write_Control_Stream_LE
 .text.USB_ResetInterface
                0x00007bcc       0x8c ../../LUFA/Drivers/USB/LowLevel/LowLevel.o
                0x00007bcc                USB_ResetInterface
 .text.USB_ShutDown
                0x00007c58       0x24 ../../LUFA/Drivers/USB/LowLevel/LowLevel.o
                0x00007c58                USB_ShutDown
 .text.USB_Init
                0x00007c7c       0x16 ../../LUFA/Drivers/USB/LowLevel/LowLevel.o
                0x00007c7c                USB_Init
 .text.USB_Event_Stub
                0x00007c92        0x2 ../../LUFA/Drivers/USB/HighLevel/Events.o
                0x00007c92                EVENT_USB_Device_Connect
                0x00007c92                EVENT_USB_Device_WakeUp
                0x00007c92                USB_Event_Stub
                0x00007c92                EVENT_USB_Device_Suspend
                0x00007c92                EVENT_USB_Device_StartOfFrame
                0x00007c92                EVENT_USB_Device_Disconnect
                0x00007c92                EVENT_USB_Device_Reset
 .text.USB_INT_DisableAllInterrupts
                0x00007c94       0x10 ../../LUFA/Drivers/USB/HighLevel/USBInterrupt.o
                0x00007c94                USB_INT_DisableAllInterrupts
 .text.USB_INT_ClearAllInterrupts
                0x00007ca4        0xa ../../LUFA/Drivers/USB/HighLevel/USBInterrupt.o
                0x00007ca4                USB_INT_ClearAllInterrupts
 .text.__vector_10
                0x00007cae      0x174 ../../LUFA/Drivers/USB/HighLevel/USBInterrupt.o
                0x00007cae                __vector_10
 .text.USB_USBTask
                0x00007e22       0x24 ../../LUFA/Drivers/USB/HighLevel/USBTask.o
                0x00007e22                USB_USBTask
                0x00007e46                . = ALIGN (0x2)
 *(.fini9)
 .fini9         0x00007e46        0x0 c:/winavr-20090313/bin/../lib/gcc/avr/4.3.2/avr5\libgcc.a(_exit.o)
                0x00007e46                exit
                0x00007e46                _exit
 *(.fini9)
 *(.fini8)
 *(.fini8)
 *(.fini7)
 *(.fini7)
 *(.fini6)
 *(.fini6)
 *(.fini5)
 *(.fini5)
 *(.fini4)
 *(.fini4)
 *(.fini3)
 *(.fini3)
 *(.fini2)
 *(.fini2)
 *(.fini1)
 *(.fini1)
 *(.fini0)
 .fini0         0x00007e46        0x4 c:/winavr-20090313/bin/../lib/gcc/avr/4.3.2/avr5\libgcc.a(_exit.o)
 *(.fini0)
                0x00007e4a                _etext = .

.data           0x00800100       0x92 load address 0x00007e4a
                0x00800100                PROVIDE (__data_start, .)
 *(.data)
 .data          0x00800100       0x10 BootloaderCDC.o
                0x00800108                LineCoding
                0x0080010f                RunBootloader
 .data          0x00800110       0x81 Descriptors.o
                0x00800165                LanguageString
                0x00800110                DeviceDescriptor
                0x00800169                ProductString
                0x00800122                ConfigurationDescriptor
 *(.data*)
 *(.rodata)
 *(.rodata*)
 *(.gnu.linkonce.d*)
                0x00800192                . = ALIGN (0x2)
 *fill*         0x00800191        0x1 00
                0x00800192                _edata = .
                0x00800192                PROVIDE (__data_end, .)

.bss            0x00800192        0xe
                0x00800192                PROVIDE (__bss_start, .)
 *(.bss)
 *(.bss*)
 *(COMMON)
 COMMON         0x00800192        0x4 BootloaderCDC.o
                0x00800192                CurrAddress
 COMMON         0x00800196        0x1 ../../LUFA/Drivers/USB/LowLevel/DevChapter9.o
                0x00800196                USB_ConfigurationNumber
 COMMON         0x00800197        0x9 ../../LUFA/Drivers/USB/HighLevel/USBTask.o
                0x00800197                USB_IsInitialized
                0x00800198                USB_ControlRequest
                0x008001a0                PROVIDE (__bss_end, .)
                0x00007e4a                __data_load_start = LOADADDR (.data)
                0x00007edc                __data_load_end = (__data_load_start + SIZEOF (.data))

.noinit         0x008001a0        0x0
                0x008001a0                PROVIDE (__noinit_start, .)
 *(.noinit*)
                0x008001a0                PROVIDE (__noinit_end, .)
                0x008001a0                _end = .
                0x008001a0                PROVIDE (__heap_start, .)

.eeprom         0x00810000        0x0
 *(.eeprom*)
                0x00810000                __eeprom_end = .

.fuse
 *(.fuse)
 *(.lfuse)
 *(.hfuse)
 *(.efuse)

.lock
 *(.lock*)

.signature
 *(.signature*)

.stab
 *(.stab)

.stabstr
 *(.stabstr)

.stab.excl
 *(.stab.excl)

.stab.exclstr
 *(.stab.exclstr)

.stab.index
 *(.stab.index)

.stab.indexstr
 *(.stab.indexstr)

.comment
 *(.comment)

.debug
 *(.debug)

.line
 *(.line)

.debug_srcinfo
 *(.debug_srcinfo)

.debug_sfnames
 *(.debug_sfnames)

.debug_aranges  0x00000000      0x260
 *(.debug_aranges)
 .debug_aranges
                0x00000000       0x60 BootloaderCDC.o
 .debug_aranges
                0x00000060       0x20 Descriptors.o
 .debug_aranges
                0x00000080       0x20 ../../LUFA/Drivers/USB/LowLevel/DevChapter9.o
 .debug_aranges
                0x000000a0       0xe8 ../../LUFA/Drivers/USB/LowLevel/Endpoint.o
 .debug_aranges
                0x00000188       0x30 ../../LUFA/Drivers/USB/LowLevel/LowLevel.o
 .debug_aranges
                0x000001b8       0x20 ../../LUFA/Drivers/USB/HighLevel/Events.o
 .debug_aranges
                0x000001d8       0x30 ../../LUFA/Drivers/USB/HighLevel/USBInterrupt.o
 .debug_aranges
                0x00000208       0x20 ../../LUFA/Drivers/USB/HighLevel/USBTask.o
 .debug_aranges
                0x00000228       0x38 ../../LUFA/Drivers/USB/HighLevel/ConfigDescriptor.o

.debug_pubnames
                0x00000000      0x6e7
 *(.debug_pubnames)
 .debug_pubnames
                0x00000000       0xf0 BootloaderCDC.o
 .debug_pubnames
                0x000000f0       0x87 Descriptors.o
 .debug_pubnames
                0x00000177       0x53 ../../LUFA/Drivers/USB/LowLevel/DevChapter9.o
 .debug_pubnames
                0x000001ca      0x365 ../../LUFA/Drivers/USB/LowLevel/Endpoint.o
 .debug_pubnames
                0x0000052f       0x47 ../../LUFA/Drivers/USB/LowLevel/LowLevel.o
 .debug_pubnames
                0x00000576       0x25 ../../LUFA/Drivers/USB/HighLevel/Events.o
 .debug_pubnames
                0x0000059b       0x62 ../../LUFA/Drivers/USB/HighLevel/USBInterrupt.o
 .debug_pubnames
                0x000005fd       0x4f ../../LUFA/Drivers/USB/HighLevel/USBTask.o
 .debug_pubnames
                0x0000064c       0x9b ../../LUFA/Drivers/USB/HighLevel/ConfigDescriptor.o

.debug_info     0x00000000     0x2d6b
 *(.debug_info)
 .debug_info    0x00000000      0x8d4 BootloaderCDC.o
 .debug_info    0x000008d4      0x5e3 Descriptors.o
 .debug_info    0x00000eb7      0x421 ../../LUFA/Drivers/USB/LowLevel/DevChapter9.o
 .debug_info    0x000012d8     0x12f8 ../../LUFA/Drivers/USB/LowLevel/Endpoint.o
 .debug_info    0x000025d0        0x0 ../../LUFA/Drivers/USB/LowLevel/Host.o
 .debug_info    0x000025d0        0x0 ../../LUFA/Drivers/USB/LowLevel/HostChapter9.o
 .debug_info    0x000025d0      0x129 ../../LUFA/Drivers/USB/LowLevel/LowLevel.o
 .debug_info    0x000026f9        0x0 ../../LUFA/Drivers/USB/LowLevel/Pipe.o
 .debug_info    0x000026f9       0x76 ../../LUFA/Drivers/USB/HighLevel/Events.o
 .debug_info    0x0000276f      0x134 ../../LUFA/Drivers/USB/HighLevel/USBInterrupt.o
 .debug_info    0x000028a3      0x18c ../../LUFA/Drivers/USB/HighLevel/USBTask.o
 .debug_info    0x00002a2f      0x33c ../../LUFA/Drivers/USB/HighLevel/ConfigDescriptor.o
 *(.gnu.linkonce.wi.*)

.debug_abbrev   0x00000000      0xc0f
 *(.debug_abbrev)
 .debug_abbrev  0x00000000      0x30a BootloaderCDC.o
 .debug_abbrev  0x0000030a      0x133 Descriptors.o
 .debug_abbrev  0x0000043d      0x1ab ../../LUFA/Drivers/USB/LowLevel/DevChapter9.o
 .debug_abbrev  0x000005e8      0x22f ../../LUFA/Drivers/USB/LowLevel/Endpoint.o
 .debug_abbrev  0x00000817        0x1 ../../LUFA/Drivers/USB/LowLevel/Host.o
 .debug_abbrev  0x00000818        0x1 ../../LUFA/Drivers/USB/LowLevel/HostChapter9.o
 .debug_abbrev  0x00000819       0xbd ../../LUFA/Drivers/USB/LowLevel/LowLevel.o
 .debug_abbrev  0x000008d6        0x1 ../../LUFA/Drivers/USB/LowLevel/Pipe.o
 .debug_abbrev  0x000008d7       0x41 ../../LUFA/Drivers/USB/HighLevel/Events.o
 .debug_abbrev  0x00000918       0xb4 ../../LUFA/Drivers/USB/HighLevel/USBInterrupt.o
 .debug_abbrev  0x000009cc       0xe7 ../../LUFA/Drivers/USB/HighLevel/USBTask.o
 .debug_abbrev  0x00000ab3      0x15c ../../LUFA/Drivers/USB/HighLevel/ConfigDescriptor.o

.debug_line     0x00000000     0x2b13
 *(.debug_line)
 .debug_line    0x00000000      0xa43 BootloaderCDC.o
 .debug_line    0x00000a43      0x16c Descriptors.o
 .debug_line    0x00000baf      0x3a0 ../../LUFA/Drivers/USB/LowLevel/DevChapter9.o
 .debug_line    0x00000f4f     0x116a ../../LUFA/Drivers/USB/LowLevel/Endpoint.o
 .debug_line    0x000020b9       0x24 ../../LUFA/Drivers/USB/LowLevel/Host.o
 .debug_line    0x000020dd       0x24 ../../LUFA/Drivers/USB/LowLevel/HostChapter9.o
 .debug_line    0x00002101      0x29d ../../LUFA/Drivers/USB/LowLevel/LowLevel.o
 .debug_line    0x0000239e       0x24 ../../LUFA/Drivers/USB/LowLevel/Pipe.o
 .debug_line    0x000023c2       0x88 ../../LUFA/Drivers/USB/HighLevel/Events.o
 .debug_line    0x0000244a      0x2b4 ../../LUFA/Drivers/USB/HighLevel/USBInterrupt.o
 .debug_line    0x000026fe      0x1a8 ../../LUFA/Drivers/USB/HighLevel/USBTask.o
 .debug_line    0x000028a6      0x26d ../../LUFA/Drivers/USB/HighLevel/ConfigDescriptor.o

.debug_frame    0x00000000      0x3a0
 *(.debug_frame)
 .debug_frame   0x00000000       0xa0 BootloaderCDC.o
 .debug_frame   0x000000a0       0x20 Descriptors.o
 .debug_frame   0x000000c0       0x20 ../../LUFA/Drivers/USB/LowLevel/DevChapter9.o
 .debug_frame   0x000000e0      0x1b0 ../../LUFA/Drivers/USB/LowLevel/Endpoint.o
 .debug_frame   0x00000290       0x40 ../../LUFA/Drivers/USB/LowLevel/LowLevel.o
 .debug_frame   0x000002d0       0x20 ../../LUFA/Drivers/USB/HighLevel/Events.o
 .debug_frame   0x000002f0       0x40 ../../LUFA/Drivers/USB/HighLevel/USBInterrupt.o
 .debug_frame   0x00000330       0x20 ../../LUFA/Drivers/USB/HighLevel/USBTask.o
 .debug_frame   0x00000350       0x50 ../../LUFA/Drivers/USB/HighLevel/ConfigDescriptor.o

.debug_str      0x00000000     0x14b5
 *(.debug_str)
 .debug_str     0x00000000      0x4a6 BootloaderCDC.o
                                0x4f0 (size before relaxing)
 .debug_str     0x000004a6      0x473 Descriptors.o
                                0x576 (size before relaxing)
 .debug_str     0x00000919      0x252 ../../LUFA/Drivers/USB/LowLevel/DevChapter9.o
                                0x440 (size before relaxing)
 .debug_str     0x00000b6b      0x5d9 ../../LUFA/Drivers/USB/LowLevel/Endpoint.o
                                0x837 (size before relaxing)
 .debug_str     0x00001144       0x66 ../../LUFA/Drivers/USB/LowLevel/LowLevel.o
                                0x1ce (size before relaxing)
 .debug_str     0x000011aa       0x39 ../../LUFA/Drivers/USB/HighLevel/Events.o
                                 0xda (size before relaxing)
 .debug_str     0x000011e3       0x74 ../../LUFA/Drivers/USB/HighLevel/USBInterrupt.o
                                0x20e (size before relaxing)
 .debug_str     0x00001257       0x53 ../../LUFA/Drivers/USB/HighLevel/USBTask.o
                                0x20e (size before relaxing)
 .debug_str     0x000012aa      0x20b ../../LUFA/Drivers/USB/HighLevel/ConfigDescriptor.o
                                0x2da (size before relaxing)

.debug_loc      0x00000000     0x2504
 *(.debug_loc)
 .debug_loc     0x00000000      0x6b7 BootloaderCDC.o
 .debug_loc     0x000006b7      0x130 Descriptors.o
 .debug_loc     0x000007e7      0x1b8 ../../LUFA/Drivers/USB/LowLevel/DevChapter9.o
 .debug_loc     0x0000099f     0x1923 ../../LUFA/Drivers/USB/LowLevel/Endpoint.o
 .debug_loc     0x000022c2       0x13 ../../LUFA/Drivers/USB/LowLevel/LowLevel.o
 .debug_loc     0x000022d5      0x22f ../../LUFA/Drivers/USB/HighLevel/ConfigDescriptor.o

.debug_macinfo
 *(.debug_macinfo)
OUTPUT(BootloaderCDC.elf elf32-avr)
LOAD linker stubs

.debug_ranges   0x00000000      0x3c0
 .debug_ranges  0x00000000      0x158 BootloaderCDC.o
 .debug_ranges  0x00000158       0x18 Descriptors.o
 .debug_ranges  0x00000170       0x30 ../../LUFA/Drivers/USB/LowLevel/DevChapter9.o
 .debug_ranges  0x000001a0      0x170 ../../LUFA/Drivers/USB/LowLevel/Endpoint.o
 .debug_ranges  0x00000310       0x28 ../../LUFA/Drivers/USB/LowLevel/LowLevel.o
 .debug_ranges  0x00000338       0x18 ../../LUFA/Drivers/USB/HighLevel/Events.o
 .debug_ranges  0x00000350       0x28 ../../LUFA/Drivers/USB/HighLevel/USBInterrupt.o
 .debug_ranges  0x00000378       0x18 ../../LUFA/Drivers/USB/HighLevel/USBTask.o
 .debug_ranges  0x00000390       0x30 ../../LUFA/Drivers/USB/HighLevel/ConfigDescriptor.o

Cross Reference Table

Symbol                                            File
Bootloader_StartUserApp                           BootloaderCDC.o
CALLBACK_USB_GetDescriptor                        Descriptors.o
                                                  ../../LUFA/Drivers/USB/LowLevel/DevChapter9.o
CDC_Task                                          BootloaderCDC.o
ConfigurationDescriptor                           Descriptors.o
CurrAddress                                       BootloaderCDC.o
DeviceDescriptor                                  Descriptors.o
EVENT_USB_Device_ConfigurationChanged             BootloaderCDC.o
                                                  ../../LUFA/Drivers/USB/LowLevel/DevChapter9.o
EVENT_USB_Device_Connect                          ../../LUFA/Drivers/USB/HighLevel/Events.o
                                                  ../../LUFA/Drivers/USB/HighLevel/USBInterrupt.o
EVENT_USB_Device_Disconnect                       ../../LUFA/Drivers/USB/HighLevel/Events.o
                                                  ../../LUFA/Drivers/USB/HighLevel/USBInterrupt.o
EVENT_USB_Device_Reset                            ../../LUFA/Drivers/USB/HighLevel/Events.o
                                                  ../../LUFA/Drivers/USB/HighLevel/USBInterrupt.o
EVENT_USB_Device_StartOfFrame                     ../../LUFA/Drivers/USB/HighLevel/Events.o
                                                  ../../LUFA/Drivers/USB/HighLevel/USBInterrupt.o
EVENT_USB_Device_Suspend                          ../../LUFA/Drivers/USB/HighLevel/Events.o
                                                  ../../LUFA/Drivers/USB/HighLevel/USBInterrupt.o
EVENT_USB_Device_UnhandledControlRequest          BootloaderCDC.o
                                                  ../../LUFA/Drivers/USB/LowLevel/DevChapter9.o
EVENT_USB_Device_WakeUp                           ../../LUFA/Drivers/USB/HighLevel/Events.o
                                                  ../../LUFA/Drivers/USB/HighLevel/USBInterrupt.o
Endpoint_BytesToEPSizeMaskDynamic                 ../../LUFA/Drivers/USB/LowLevel/Endpoint.o
Endpoint_ClearEndpoints                           ../../LUFA/Drivers/USB/LowLevel/Endpoint.o
                                                  ../../LUFA/Drivers/USB/HighLevel/USBInterrupt.o
Endpoint_ClearStatusStage                         ../../LUFA/Drivers/USB/LowLevel/Endpoint.o
                                                  ../../LUFA/Drivers/USB/LowLevel/DevChapter9.o
                                                  BootloaderCDC.o
Endpoint_ConfigureEndpoint_Prv                    ../../LUFA/Drivers/USB/LowLevel/Endpoint.o
                                                  ../../LUFA/Drivers/USB/HighLevel/USBInterrupt.o
                                                  BootloaderCDC.o
Endpoint_Discard_Stream                           ../../LUFA/Drivers/USB/LowLevel/Endpoint.o
Endpoint_Read_Control_EStream_BE                  ../../LUFA/Drivers/USB/LowLevel/Endpoint.o
Endpoint_Read_Control_EStream_LE                  ../../LUFA/Drivers/USB/LowLevel/Endpoint.o
Endpoint_Read_Control_Stream_BE                   ../../LUFA/Drivers/USB/LowLevel/Endpoint.o
Endpoint_Read_Control_Stream_LE                   ../../LUFA/Drivers/USB/LowLevel/Endpoint.o
Endpoint_Read_EStream_BE                          ../../LUFA/Drivers/USB/LowLevel/Endpoint.o
Endpoint_Read_EStream_LE                          ../../LUFA/Drivers/USB/LowLevel/Endpoint.o
Endpoint_Read_Stream_BE                           ../../LUFA/Drivers/USB/LowLevel/Endpoint.o
Endpoint_Read_Stream_LE                           ../../LUFA/Drivers/USB/LowLevel/Endpoint.o
Endpoint_WaitUntilReady                           ../../LUFA/Drivers/USB/LowLevel/Endpoint.o
Endpoint_Write_Control_EStream_BE                 ../../LUFA/Drivers/USB/LowLevel/Endpoint.o
Endpoint_Write_Control_EStream_LE                 ../../LUFA/Drivers/USB/LowLevel/Endpoint.o
Endpoint_Write_Control_PStream_BE                 ../../LUFA/Drivers/USB/LowLevel/Endpoint.o
Endpoint_Write_Control_PStream_LE                 ../../LUFA/Drivers/USB/LowLevel/Endpoint.o
Endpoint_Write_Control_Stream_BE                  ../../LUFA/Drivers/USB/LowLevel/Endpoint.o
Endpoint_Write_Control_Stream_LE                  ../../LUFA/Drivers/USB/LowLevel/Endpoint.o
                                                  ../../LUFA/Drivers/USB/LowLevel/DevChapter9.o
Endpoint_Write_EStream_BE                         ../../LUFA/Drivers/USB/LowLevel/Endpoint.o
Endpoint_Write_EStream_LE                         ../../LUFA/Drivers/USB/LowLevel/Endpoint.o
Endpoint_Write_PStream_BE                         ../../LUFA/Drivers/USB/LowLevel/Endpoint.o
Endpoint_Write_PStream_LE                         ../../LUFA/Drivers/USB/LowLevel/Endpoint.o
Endpoint_Write_Stream_BE                          ../../LUFA/Drivers/USB/LowLevel/Endpoint.o
Endpoint_Write_Stream_LE                          ../../LUFA/Drivers/USB/LowLevel/Endpoint.o
LanguageString                                    Descriptors.o
LineCoding                                        BootloaderCDC.o
ProductString                                     Descriptors.o
ResetHardware                                     BootloaderCDC.o
RunBootloader                                     BootloaderCDC.o
SetupHardware                                     BootloaderCDC.o
USB_ConfigurationNumber                           ../../LUFA/Drivers/USB/HighLevel/USBInterrupt.o
                                                  ../../LUFA/Drivers/USB/LowLevel/LowLevel.o
                                                  ../../LUFA/Drivers/USB/LowLevel/DevChapter9.o
USB_ControlRequest                                ../../LUFA/Drivers/USB/HighLevel/USBTask.o
                                                  ../../LUFA/Drivers/USB/LowLevel/Endpoint.o
                                                  ../../LUFA/Drivers/USB/LowLevel/DevChapter9.o
                                                  BootloaderCDC.o
USB_Device_ProcessControlRequest                  ../../LUFA/Drivers/USB/LowLevel/DevChapter9.o
                                                  ../../LUFA/Drivers/USB/HighLevel/USBTask.o
USB_Event_Stub                                    ../../LUFA/Drivers/USB/HighLevel/Events.o
USB_GetNextDescriptorComp                         ../../LUFA/Drivers/USB/HighLevel/ConfigDescriptor.o
USB_GetNextDescriptorOfType                       ../../LUFA/Drivers/USB/HighLevel/ConfigDescriptor.o
USB_GetNextDescriptorOfTypeAfter                  ../../LUFA/Drivers/USB/HighLevel/ConfigDescriptor.o
USB_GetNextDescriptorOfTypeBefore                 ../../LUFA/Drivers/USB/HighLevel/ConfigDescriptor.o
USB_INT_ClearAllInterrupts                        ../../LUFA/Drivers/USB/HighLevel/USBInterrupt.o
                                                  ../../LUFA/Drivers/USB/LowLevel/LowLevel.o
USB_INT_DisableAllInterrupts                      ../../LUFA/Drivers/USB/HighLevel/USBInterrupt.o
                                                  ../../LUFA/Drivers/USB/LowLevel/LowLevel.o
USB_Init                                          ../../LUFA/Drivers/USB/LowLevel/LowLevel.o
                                                  BootloaderCDC.o
USB_IsInitialized                                 ../../LUFA/Drivers/USB/HighLevel/USBTask.o
                                                  ../../LUFA/Drivers/USB/LowLevel/LowLevel.o
USB_ResetInterface                                ../../LUFA/Drivers/USB/LowLevel/LowLevel.o
USB_ShutDown                                      ../../LUFA/Drivers/USB/LowLevel/LowLevel.o
                                                  BootloaderCDC.o
USB_USBTask                                       ../../LUFA/Drivers/USB/HighLevel/USBTask.o
                                                  BootloaderCDC.o
__bad_interrupt                                   c:/winavr-20090313/bin/../lib/gcc/avr/4.3.2/../../../../avr/lib/avr5/crtm32u4.o
__bss_end                                         c:/winavr-20090313/bin/../lib/gcc/avr/4.3.2/avr5\libgcc.a(_clear_bss.o)
__bss_start                                       c:/winavr-20090313/bin/../lib/gcc/avr/4.3.2/avr5\libgcc.a(_clear_bss.o)
__data_end                                        c:/winavr-20090313/bin/../lib/gcc/avr/4.3.2/avr5\libgcc.a(_copy_data.o)
__data_load_start                                 c:/winavr-20090313/bin/../lib/gcc/avr/4.3.2/avr5\libgcc.a(_copy_data.o)
__data_start                                      c:/winavr-20090313/bin/../lib/gcc/avr/4.3.2/avr5\libgcc.a(_copy_data.o)
__do_clear_bss                                    c:/winavr-20090313/bin/../lib/gcc/avr/4.3.2/avr5\libgcc.a(_clear_bss.o)
                                                  ../../LUFA/Drivers/USB/HighLevel/USBTask.o
                                                  ../../LUFA/Drivers/USB/LowLevel/DevChapter9.o
                                                  BootloaderCDC.o
__do_copy_data                                    c:/winavr-20090313/bin/../lib/gcc/avr/4.3.2/avr5\libgcc.a(_copy_data.o)
                                                  Descriptors.o
                                                  BootloaderCDC.o
__heap_end                                        c:/winavr-20090313/bin/../lib/gcc/avr/4.3.2/../../../../avr/lib/avr5/crtm32u4.o
__init                                            c:/winavr-20090313/bin/../lib/gcc/avr/4.3.2/../../../../avr/lib/avr5/crtm32u4.o
__stack                                           c:/winavr-20090313/bin/../lib/gcc/avr/4.3.2/../../../../avr/lib/avr5/crtm32u4.o
__vector_1                                        c:/winavr-20090313/bin/../lib/gcc/avr/4.3.2/../../../../avr/lib/avr5/crtm32u4.o
__vector_10                                       ../../LUFA/Drivers/USB/HighLevel/USBInterrupt.o
                                                  c:/winavr-20090313/bin/../lib/gcc/avr/4.3.2/../../../../avr/lib/avr5/crtm32u4.o
__vector_11                                       c:/winavr-20090313/bin/../lib/gcc/avr/4.3.2/../../../../avr/lib/avr5/crtm32u4.o
__vector_12                                       c:/winavr-20090313/bin/../lib/gcc/avr/4.3.2/../../../../avr/lib/avr5/crtm32u4.o
__vector_13                                       c:/winavr-20090313/bin/../lib/gcc/avr/4.3.2/../../../../avr/lib/avr5/crtm32u4.o
__vector_14                                       c:/winavr-20090313/bin/../lib/gcc/avr/4.3.2/../../../../avr/lib/avr5/crtm32u4.o
__vector_15                                       c:/winavr-20090313/bin/../lib/gcc/avr/4.3.2/../../../../avr/lib/avr5/crtm32u4.o
__vector_16                                       c:/winavr-20090313/bin/../lib/gcc/avr/4.3.2/../../../../avr/lib/avr5/crtm32u4.o
__vector_17                                       c:/winavr-20090313/bin/../lib/gcc/avr/4.3.2/../../../../avr/lib/avr5/crtm32u4.o
__vector_18                                       c:/winavr-20090313/bin/../lib/gcc/avr/4.3.2/../../../../avr/lib/avr5/crtm32u4.o
__vector_19                                       c:/winavr-20090313/bin/../lib/gcc/avr/4.3.2/../../../../avr/lib/avr5/crtm32u4.o
__vector_2                                        c:/winavr-20090313/bin/../lib/gcc/avr/4.3.2/../../../../avr/lib/avr5/crtm32u4.o
__vector_20                                       c:/winavr-20090313/bin/../lib/gcc/avr/4.3.2/../../../../avr/lib/avr5/crtm32u4.o
__vector_21                                       c:/winavr-20090313/bin/../lib/gcc/avr/4.3.2/../../../../avr/lib/avr5/crtm32u4.o
__vector_22                                       c:/winavr-20090313/bin/../lib/gcc/avr/4.3.2/../../../../avr/lib/avr5/crtm32u4.o
__vector_23                                       c:/winavr-20090313/bin/../lib/gcc/avr/4.3.2/../../../../avr/lib/avr5/crtm32u4.o
__vector_24                                       c:/winavr-20090313/bin/../lib/gcc/avr/4.3.2/../../../../avr/lib/avr5/crtm32u4.o
__vector_25                                       c:/winavr-20090313/bin/../lib/gcc/avr/4.3.2/../../../../avr/lib/avr5/crtm32u4.o
__vector_26                                       c:/winavr-20090313/bin/../lib/gcc/avr/4.3.2/../../../../avr/lib/avr5/crtm32u4.o
__vector_27                                       c:/winavr-20090313/bin/../lib/gcc/avr/4.3.2/../../../../avr/lib/avr5/crtm32u4.o
__vector_28                                       c:/winavr-20090313/bin/../lib/gcc/avr/4.3.2/../../../../avr/lib/avr5/crtm32u4.o
__vector_29                                       c:/winavr-20090313/bin/../lib/gcc/avr/4.3.2/../../../../avr/lib/avr5/crtm32u4.o
__vector_3                                        c:/winavr-20090313/bin/../lib/gcc/avr/4.3.2/../../../../avr/lib/avr5/crtm32u4.o
__vector_30                                       c:/winavr-20090313/bin/../lib/gcc/avr/4.3.2/../../../../avr/lib/avr5/crtm32u4.o
__vector_31                                       c:/winavr-20090313/bin/../lib/gcc/avr/4.3.2/../../../../avr/lib/avr5/crtm32u4.o
__vector_32                                       c:/winavr-20090313/bin/../lib/gcc/avr/4.3.2/../../../../avr/lib/avr5/crtm32u4.o
__vector_33                                       c:/winavr-20090313/bin/../lib/gcc/avr/4.3.2/../../../../avr/lib/avr5/crtm32u4.o
__vector_34                                       c:/winavr-20090313/bin/../lib/gcc/avr/4.3.2/../../../../avr/lib/avr5/crtm32u4.o
__vector_35                                       c:/winavr-20090313/bin/../lib/gcc/avr/4.3.2/../../../../avr/lib/avr5/crtm32u4.o
__vector_36                                       c:/winavr-20090313/bin/../lib/gcc/avr/4.3.2/../../../../avr/lib/avr5/crtm32u4.o
__vector_37                                       c:/winavr-20090313/bin/../lib/gcc/avr/4.3.2/../../../../avr/lib/avr5/crtm32u4.o
__vector_38                                       c:/winavr-20090313/bin/../lib/gcc/avr/4.3.2/../../../../avr/lib/avr5/crtm32u4.o
__vector_39                                       c:/winavr-20090313/bin/../lib/gcc/avr/4.3.2/../../../../avr/lib/avr5/crtm32u4.o
__vector_4                                        c:/winavr-20090313/bin/../lib/gcc/avr/4.3.2/../../../../avr/lib/avr5/crtm32u4.o
__vector_40                                       c:/winavr-20090313/bin/../lib/gcc/avr/4.3.2/../../../../avr/lib/avr5/crtm32u4.o
__vector_41                                       c:/winavr-20090313/bin/../lib/gcc/avr/4.3.2/../../../../avr/lib/avr5/crtm32u4.o
__vector_42                                       c:/winavr-20090313/bin/../lib/gcc/avr/4.3.2/../../../../avr/lib/avr5/crtm32u4.o
__vector_5                                        c:/winavr-20090313/bin/../lib/gcc/avr/4.3.2/../../../../avr/lib/avr5/crtm32u4.o
__vector_6                                        c:/winavr-20090313/bin/../lib/gcc/avr/4.3.2/../../../../avr/lib/avr5/crtm32u4.o
__vector_7                                        c:/winavr-20090313/bin/../lib/gcc/avr/4.3.2/../../../../avr/lib/avr5/crtm32u4.o
__vector_8                                        c:/winavr-20090313/bin/../lib/gcc/avr/4.3.2/../../../../avr/lib/avr5/crtm32u4.o
__vector_9                                        c:/winavr-20090313/bin/../lib/gcc/avr/4.3.2/../../../../avr/lib/avr5/crtm32u4.o
__vector_default                                  c:/winavr-20090313/bin/../lib/gcc/avr/4.3.2/../../../../avr/lib/avr5/crtm32u4.o
__vectors                                         c:/winavr-20090313/bin/../lib/gcc/avr/4.3.2/../../../../avr/lib/avr5/crtm32u4.o
_exit                                             c:/winavr-20090313/bin/../lib/gcc/avr/4.3.2/avr5\libgcc.a(_exit.o)
exit                                              c:/winavr-20090313/bin/../lib/gcc/avr/4.3.2/avr5\libgcc.a(_exit.o)
                                                  c:/winavr-20090313/bin/../lib/gcc/avr/4.3.2/../../../../avr/lib/avr5/crtm32u4.o
main                                              BootloaderCDC.o
                                                  c:/winavr-20090313/bin/../lib/gcc/avr/4.3.2/../../../../avr/lib/avr5/crtm32u4.o
